Component: ARM Compiler 5.06 update 2 (build 183) Tool: armlink [4d35b7]

==============================================================================

Section Cross References

    startup_lpc407x_8x_177x_8x.o(STACK) refers (Special) to heapauxi.o(.text) for __use_two_region_memory
    startup_lpc407x_8x_177x_8x.o(HEAP) refers (Special) to heapauxi.o(.text) for __use_two_region_memory
    startup_lpc407x_8x_177x_8x.o(RESET) refers (Special) to heapauxi.o(.text) for __use_two_region_memory
    startup_lpc407x_8x_177x_8x.o(RESET) refers to startup_lpc407x_8x_177x_8x.o(STACK) for __initial_sp
    startup_lpc407x_8x_177x_8x.o(RESET) refers to startup_lpc407x_8x_177x_8x.o(.text) for Reset_Handler
    startup_lpc407x_8x_177x_8x.o(RESET) refers to blinky.o(.text) for TIMER0_IRQHandler
    startup_lpc407x_8x_177x_8x.o(.ARM.__at_0x02FC) refers (Special) to heapauxi.o(.text) for __use_two_region_memory
    startup_lpc407x_8x_177x_8x.o(.text) refers (Special) to heapauxi.o(.text) for __use_two_region_memory
    startup_lpc407x_8x_177x_8x.o(.text) refers to system_lpc407x_8x_177x_8x.o(i.SystemInit) for SystemInit
    startup_lpc407x_8x_177x_8x.o(.text) refers to blinky.o(.text) for __main
    startup_lpc407x_8x_177x_8x.o(.text) refers to startup_lpc407x_8x_177x_8x.o(HEAP) for Heap_Mem
    startup_lpc407x_8x_177x_8x.o(.text) refers to startup_lpc407x_8x_177x_8x.o(STACK) for Stack_Mem
    system_lpc407x_8x_177x_8x.o(i.SystemCoreClockUpdate) refers to system_lpc407x_8x_177x_8x.o(.data) for SystemCoreClock
    system_lpc407x_8x_177x_8x.o(i.SystemInit) refers to system_lpc407x_8x_177x_8x.o(i.fpu_init) for fpu_init
    system_lpc407x_8x_177x_8x.o(i.SystemInit) refers to system_lpc407x_8x_177x_8x.o(i.SystemCoreClockUpdate) for SystemCoreClockUpdate
    system_lpc407x_8x_177x_8x.o(i.SystemInit) refers to system_lpc407x_8x_177x_8x.o(i.SystemInit_ExtMemCtl) for SystemInit_ExtMemCtl
    system_lpc407x_8x_177x_8x.o(i.SystemInit_ExtMemCtl) refers to system_lpc407x_8x_177x_8x.o(i._DelayMs) for _DelayMs
    system_lpc407x_8x_177x_8x.o(i._DelayMs) refers to system_lpc407x_8x_177x_8x.o(.data) for SystemCoreClock


==============================================================================

Removing Unused input sections from the image.

    Removing system_lpc407x_8x_177x_8x.o(.rev16_text), (4 bytes).
    Removing system_lpc407x_8x_177x_8x.o(.revsh_text), (4 bytes).
    Removing system_lpc407x_8x_177x_8x.o(.rrx_text), (6 bytes).

3 unused section(s) (total 14 bytes) removed from the image.

==============================================================================

Image Symbol Table

    Local Symbols

    Symbol Name                              Value     Ov Type        Size  Object(Section)

    RESET                                    0x00000000   Section      228  startup_lpc407x_8x_177x_8x.o(RESET)
    ../clib/heapaux.c                        0x00000000   Number         0  heapauxi.o ABSOLUTE
    RTE\Device\LPC4088FET208\startup_LPC407x_8x_177x_8x.s 0x00000000   Number         0  startup_lpc407x_8x_177x_8x.o ABSOLUTE
    RTE\Device\LPC4088FET208\system_LPC407x_8x_177x_8x.c 0x00000000   Number         0  system_lpc407x_8x_177x_8x.o ABSOLUTE
    RTE\\Device\\LPC4088FET208\\system_LPC407x_8x_177x_8x.c 0x00000000   Number         0  system_lpc407x_8x_177x_8x.o ABSOLUTE
    blinky.s                                 0x00000000   Number         0  blinky.o ABSOLUTE
    dc.s                                     0x00000000   Number         0  dc.o ABSOLUTE
    .text                                    0x000000e4   Section      360  blinky.o(.text)
    $v0                                      0x000000e4   Number         0  blinky.o(.text)
    initialise                               0x00000125   Thumb Code    26  blinky.o(.text)
    led1on                                   0x0000013f   Thumb Code    14  blinky.o(.text)
    led1off                                  0x0000014d   Thumb Code    14  blinky.o(.text)
    led1state                                0x0000015b   Thumb Code    10  blinky.o(.text)
    led2on                                   0x00000165   Thumb Code    14  blinky.o(.text)
    led2off                                  0x00000173   Thumb Code    14  blinky.o(.text)
    led3on                                   0x00000181   Thumb Code    14  blinky.o(.text)
    led3off                                  0x0000018f   Thumb Code    14  blinky.o(.text)
    led4on                                   0x0000019d   Thumb Code    14  blinky.o(.text)
    led4off                                  0x000001ab   Thumb Code    14  blinky.o(.text)
    timer0init                               0x000001b9   Thumb Code    52  blinky.o(.text)
    .text                                    0x0000024c   Section       60  startup_lpc407x_8x_177x_8x.o(.text)
    $v0                                      0x0000024c   Number         0  startup_lpc407x_8x_177x_8x.o(.text)
    .text                                    0x00000288   Section        0  heapauxi.o(.text)
    i._DelayMs                               0x00000290   Section        0  system_lpc407x_8x_177x_8x.o(i._DelayMs)
    _DelayMs                                 0x00000291   Thumb Code    38  system_lpc407x_8x_177x_8x.o(i._DelayMs)
    .ARM.__at_0x02FC                         0x000002fc   Section        4  startup_lpc407x_8x_177x_8x.o(.ARM.__at_0x02FC)
    i.SystemCoreClockUpdate                  0x00000300   Section        0  system_lpc407x_8x_177x_8x.o(i.SystemCoreClockUpdate)
    i.SystemInit                             0x000005d4   Section        0  system_lpc407x_8x_177x_8x.o(i.SystemInit)
    i.SystemInit_ExtMemCtl                   0x000006c4   Section        0  system_lpc407x_8x_177x_8x.o(i.SystemInit_ExtMemCtl)
    i.fpu_init                               0x000008bc   Section        0  system_lpc407x_8x_177x_8x.o(i.fpu_init)
    .data                                    0x10000000   Section       16  system_lpc407x_8x_177x_8x.o(.data)
    HEAP                                     0x10000010   Section        0  startup_lpc407x_8x_177x_8x.o(HEAP)
    STACK                                    0x10000010   Section     1024  startup_lpc407x_8x_177x_8x.o(STACK)
    Heap_Mem                                 0x10000010   Data           0  startup_lpc407x_8x_177x_8x.o(HEAP)
    Stack_Mem                                0x10000010   Data        1024  startup_lpc407x_8x_177x_8x.o(STACK)
    __initial_sp                             0x10000410   Data           0  startup_lpc407x_8x_177x_8x.o(STACK)

    Global Symbols

    Symbol Name                              Value     Ov Type        Size  Object(Section)

    BuildAttributes$$THM_ISAv4$E$P$D$K$B$S$7EM$VFPi3$EXTD16$VFPS$VFMA$PE$A:L22UL41UL21$X:L11$S22US41US21$IEEE1$IW$USESV6$~STKCKD$USESV7$~SHL$OSPACE$ROPI$EBA8$STANDARDLIB$REQ8$PRES8$EABIv2 0x00000000   Number         0  anon$$obj.o ABSOLUTE
    __Vectors                                0x00000000   Data           4  startup_lpc407x_8x_177x_8x.o(RESET)
    __main                                   0x000000e5   Thumb Code    64  blinky.o(.text)
    TIMER0_IRQHandler                        0x000001ed   Thumb Code    38  blinky.o(.text)
    Reset_Handler                            0x0000024d   Thumb Code     8  startup_lpc407x_8x_177x_8x.o(.text)
    NMI_Handler                              0x00000255   Thumb Code     2  startup_lpc407x_8x_177x_8x.o(.text)
    HardFault_Handler                        0x00000257   Thumb Code     2  startup_lpc407x_8x_177x_8x.o(.text)
    MemManage_Handler                        0x00000259   Thumb Code     2  startup_lpc407x_8x_177x_8x.o(.text)
    BusFault_Handler                         0x0000025b   Thumb Code     2  startup_lpc407x_8x_177x_8x.o(.text)
    UsageFault_Handler                       0x0000025d   Thumb Code     2  startup_lpc407x_8x_177x_8x.o(.text)
    SVC_Handler                              0x0000025f   Thumb Code     2  startup_lpc407x_8x_177x_8x.o(.text)
    DebugMon_Handler                         0x00000261   Thumb Code     2  startup_lpc407x_8x_177x_8x.o(.text)
    PendSV_Handler                           0x00000263   Thumb Code     2  startup_lpc407x_8x_177x_8x.o(.text)
    SysTick_Handler                          0x00000265   Thumb Code     2  startup_lpc407x_8x_177x_8x.o(.text)
    ADC_IRQHandler                           0x00000267   Thumb Code     0  startup_lpc407x_8x_177x_8x.o(.text)
    BOD_IRQHandler                           0x00000267   Thumb Code     0  startup_lpc407x_8x_177x_8x.o(.text)
    CANActivity_IRQHandler                   0x00000267   Thumb Code     0  startup_lpc407x_8x_177x_8x.o(.text)
    CAN_IRQHandler                           0x00000267   Thumb Code     0  startup_lpc407x_8x_177x_8x.o(.text)
    DMA_IRQHandler                           0x00000267   Thumb Code     0  startup_lpc407x_8x_177x_8x.o(.text)
    EEPROM_IRQHandler                        0x00000267   Thumb Code     0  startup_lpc407x_8x_177x_8x.o(.text)
    EINT0_IRQHandler                         0x00000267   Thumb Code     0  startup_lpc407x_8x_177x_8x.o(.text)
    EINT1_IRQHandler                         0x00000267   Thumb Code     0  startup_lpc407x_8x_177x_8x.o(.text)
    EINT2_IRQHandler                         0x00000267   Thumb Code     0  startup_lpc407x_8x_177x_8x.o(.text)
    EINT3_IRQHandler                         0x00000267   Thumb Code     0  startup_lpc407x_8x_177x_8x.o(.text)
    ENET_IRQHandler                          0x00000267   Thumb Code     0  startup_lpc407x_8x_177x_8x.o(.text)
    GPIO_IRQHandler                          0x00000267   Thumb Code     0  startup_lpc407x_8x_177x_8x.o(.text)
    I2C0_IRQHandler                          0x00000267   Thumb Code     0  startup_lpc407x_8x_177x_8x.o(.text)
    I2C1_IRQHandler                          0x00000267   Thumb Code     0  startup_lpc407x_8x_177x_8x.o(.text)
    I2C2_IRQHandler                          0x00000267   Thumb Code     0  startup_lpc407x_8x_177x_8x.o(.text)
    I2S_IRQHandler                           0x00000267   Thumb Code     0  startup_lpc407x_8x_177x_8x.o(.text)
    LCD_IRQHandler                           0x00000267   Thumb Code     0  startup_lpc407x_8x_177x_8x.o(.text)
    MCI_IRQHandler                           0x00000267   Thumb Code     0  startup_lpc407x_8x_177x_8x.o(.text)
    MCPWM_IRQHandler                         0x00000267   Thumb Code     0  startup_lpc407x_8x_177x_8x.o(.text)
    PLL0_IRQHandler                          0x00000267   Thumb Code     0  startup_lpc407x_8x_177x_8x.o(.text)
    PLL1_IRQHandler                          0x00000267   Thumb Code     0  startup_lpc407x_8x_177x_8x.o(.text)
    PWM0_IRQHandler                          0x00000267   Thumb Code     0  startup_lpc407x_8x_177x_8x.o(.text)
    PWM1_IRQHandler                          0x00000267   Thumb Code     0  startup_lpc407x_8x_177x_8x.o(.text)
    QEI_IRQHandler                           0x00000267   Thumb Code     0  startup_lpc407x_8x_177x_8x.o(.text)
    RTC_IRQHandler                           0x00000267   Thumb Code     0  startup_lpc407x_8x_177x_8x.o(.text)
    SSP0_IRQHandler                          0x00000267   Thumb Code     0  startup_lpc407x_8x_177x_8x.o(.text)
    SSP1_IRQHandler                          0x00000267   Thumb Code     0  startup_lpc407x_8x_177x_8x.o(.text)
    SSP2_IRQHandler                          0x00000267   Thumb Code     0  startup_lpc407x_8x_177x_8x.o(.text)
    TIMER1_IRQHandler                        0x00000267   Thumb Code     0  startup_lpc407x_8x_177x_8x.o(.text)
    TIMER2_IRQHandler                        0x00000267   Thumb Code     0  startup_lpc407x_8x_177x_8x.o(.text)
    TIMER3_IRQHandler                        0x00000267   Thumb Code     0  startup_lpc407x_8x_177x_8x.o(.text)
    UART0_IRQHandler                         0x00000267   Thumb Code     0  startup_lpc407x_8x_177x_8x.o(.text)
    UART1_IRQHandler                         0x00000267   Thumb Code     0  startup_lpc407x_8x_177x_8x.o(.text)
    UART2_IRQHandler                         0x00000267   Thumb Code     0  startup_lpc407x_8x_177x_8x.o(.text)
    UART3_IRQHandler                         0x00000267   Thumb Code     0  startup_lpc407x_8x_177x_8x.o(.text)
    UART4_IRQHandler                         0x00000267   Thumb Code     0  startup_lpc407x_8x_177x_8x.o(.text)
    USBActivity_IRQHandler                   0x00000267   Thumb Code     0  startup_lpc407x_8x_177x_8x.o(.text)
    USB_IRQHandler                           0x00000267   Thumb Code     0  startup_lpc407x_8x_177x_8x.o(.text)
    WDT_IRQHandler                           0x00000267   Thumb Code     0  startup_lpc407x_8x_177x_8x.o(.text)
    __user_initial_stackheap                 0x00000269   Thumb Code     0  startup_lpc407x_8x_177x_8x.o(.text)
    __use_two_region_memory                  0x00000289   Thumb Code     2  heapauxi.o(.text)
    __rt_heap_escrow$2region                 0x0000028b   Thumb Code     2  heapauxi.o(.text)
    __rt_heap_expand$2region                 0x0000028d   Thumb Code     2  heapauxi.o(.text)
    SystemCoreClockUpdate                    0x00000301   Thumb Code   696  system_lpc407x_8x_177x_8x.o(i.SystemCoreClockUpdate)
    SystemInit                               0x000005d5   Thumb Code   224  system_lpc407x_8x_177x_8x.o(i.SystemInit)
    SystemInit_ExtMemCtl                     0x000006c5   Thumb Code   468  system_lpc407x_8x_177x_8x.o(i.SystemInit_ExtMemCtl)
    fpu_init                                 0x000008bd   Thumb Code    62  system_lpc407x_8x_177x_8x.o(i.fpu_init)
    SystemCoreClock                          0x10000000   Data           4  system_lpc407x_8x_177x_8x.o(.data)
    PeripheralClock                          0x10000004   Data           4  system_lpc407x_8x_177x_8x.o(.data)
    EMCClock                                 0x10000008   Data           4  system_lpc407x_8x_177x_8x.o(.data)
    USBClock                                 0x1000000c   Data           4  system_lpc407x_8x_177x_8x.o(.data)



==============================================================================

Memory Map of the image

  Image Entry point : 0x000000e5

  Load Region LR_IROM1 (Base: 0x00000000, Size: 0x0000091c, Max: 0x00080000, ABSOLUTE)

    Execution Region ER_IROM1 (Base: 0x00000000, Size: 0x0000090c, Max: 0x00080000, ABSOLUTE)

    Base Addr    Size         Type   Attr      Idx    E Section Name        Object

    0x00000000   0x000000e4   Data   RO            9    RESET               startup_lpc407x_8x_177x_8x.o
    0x000000e4   0x00000168   Code   RO            1  * .text               blinky.o
    0x0000024c   0x0000003c   Code   RO           11    .text               startup_lpc407x_8x_177x_8x.o
    0x00000288   0x00000006   Code   RO           95    .text               c_w.l(heapauxi.o)
    0x0000028e   0x00000002   PAD
    0x00000290   0x0000002c   Code   RO           23    i._DelayMs          system_lpc407x_8x_177x_8x.o
    0x000002bc   0x00000040   PAD
    0x000002fc   0x00000004   Code   RO           10    .ARM.__at_0x02FC    startup_lpc407x_8x_177x_8x.o
    0x00000300   0x000002d4   Code   RO           20    i.SystemCoreClockUpdate  system_lpc407x_8x_177x_8x.o
    0x000005d4   0x000000f0   Code   RO           21    i.SystemInit        system_lpc407x_8x_177x_8x.o
    0x000006c4   0x000001f8   Code   RO           22    i.SystemInit_ExtMemCtl  system_lpc407x_8x_177x_8x.o
    0x000008bc   0x00000050   Code   RO           24    i.fpu_init          system_lpc407x_8x_177x_8x.o


    Execution Region RW_IRAM1 (Base: 0x10000000, Size: 0x00000410, Max: 0x00010000, ABSOLUTE)

    Base Addr    Size         Type   Attr      Idx    E Section Name        Object

    0x10000000   0x00000010   Data   RW           25    .data               system_lpc407x_8x_177x_8x.o
    0x10000010   0x00000000   Zero   RW            8    HEAP                startup_lpc407x_8x_177x_8x.o
    0x10000010   0x00000400   Zero   RW            7    STACK               startup_lpc407x_8x_177x_8x.o


==============================================================================

Image component sizes


      Code (inc. data)   RO Data    RW Data    ZI Data      Debug   Object Name

       360         58          0          0          0        900   blinky.o
        64         26        228          0       1024       1108   startup_lpc407x_8x_177x_8x.o
      1592        104          0         16          0      13155   system_lpc407x_8x_177x_8x.o

    ----------------------------------------------------------------------
      2080        252        228         16       1024      15163   Object Totals
         0          0          0          0          0          0   (incl. Generated)
        64         64          0          0          0          0   (incl. Padding)

    ----------------------------------------------------------------------

      Code (inc. data)   RO Data    RW Data    ZI Data      Debug   Library Member Name

         6          0          0          0          0        152   heapauxi.o

    ----------------------------------------------------------------------
         8          0          0          0          0        152   Library Totals
         2          0          0          0          0          0   (incl. Padding)

    ----------------------------------------------------------------------

      Code (inc. data)   RO Data    RW Data    ZI Data      Debug   Library Name

         6          0          0          0          0        152   c_w.l

    ----------------------------------------------------------------------
         8          0          0          0          0        152   Library Totals

    ----------------------------------------------------------------------

==============================================================================


      Code (inc. data)   RO Data    RW Data    ZI Data      Debug   

      2088        252        228         16       1024      14915   Grand Totals
      2088        252        228         16       1024      14915   ELF Image Totals
      2088        252        228         16          0          0   ROM Totals

==============================================================================

    Total RO  Size (Code + RO Data)                 2316 (   2.26kB)
    Total RW  Size (RW Data + ZI Data)              1040 (   1.02kB)
    Total ROM Size (Code + RO Data + RW Data)       2332 (   2.28kB)

==============================================================================

